Archive member included to satisfy reference by file (symbol)

/usr/local/riscv/lib64/gcc/riscv32-unknown-elf/10.2.0/libgcc.a(_divdi3.o)
                              main.o (__divdi3)
/usr/local/riscv/lib64/gcc/riscv32-unknown-elf/10.2.0/libgcc.a(_moddi3.o)
                              main.o (__moddi3)
/usr/local/riscv/lib64/gcc/riscv32-unknown-elf/10.2.0/libgcc.a(_udivdi3.o)
                              main.o (__udivdi3)
/usr/local/riscv/lib64/gcc/riscv32-unknown-elf/10.2.0/libgcc.a(_umoddi3.o)
                              main.o (__umoddi3)
/usr/local/riscv/lib64/gcc/riscv32-unknown-elf/10.2.0/libgcc.a(adddf3.o)
                              printf.o (__adddf3)
/usr/local/riscv/lib64/gcc/riscv32-unknown-elf/10.2.0/libgcc.a(divdf3.o)
                              printf.o (__divdf3)
/usr/local/riscv/lib64/gcc/riscv32-unknown-elf/10.2.0/libgcc.a(eqdf2.o)
                              printf.o (__nedf2)
/usr/local/riscv/lib64/gcc/riscv32-unknown-elf/10.2.0/libgcc.a(gedf2.o)
                              printf.o (__gedf2)
/usr/local/riscv/lib64/gcc/riscv32-unknown-elf/10.2.0/libgcc.a(ledf2.o)
                              printf.o (__ledf2)
/usr/local/riscv/lib64/gcc/riscv32-unknown-elf/10.2.0/libgcc.a(muldf3.o)
                              printf.o (__muldf3)
/usr/local/riscv/lib64/gcc/riscv32-unknown-elf/10.2.0/libgcc.a(subdf3.o)
                              printf.o (__subdf3)
/usr/local/riscv/lib64/gcc/riscv32-unknown-elf/10.2.0/libgcc.a(fixdfsi.o)
                              printf.o (__fixdfsi)
/usr/local/riscv/lib64/gcc/riscv32-unknown-elf/10.2.0/libgcc.a(fixunsdfsi.o)
                              printf.o (__fixunsdfsi)
/usr/local/riscv/lib64/gcc/riscv32-unknown-elf/10.2.0/libgcc.a(floatsidf.o)
                              printf.o (__floatsidf)
/usr/local/riscv/lib64/gcc/riscv32-unknown-elf/10.2.0/libgcc.a(floatunsidf.o)
                              printf.o (__floatunsidf)
/usr/local/riscv/lib64/gcc/riscv32-unknown-elf/10.2.0/libgcc.a(muldi3.o)
                              /usr/local/riscv/lib64/gcc/riscv32-unknown-elf/10.2.0/libgcc.a(_divdi3.o) (__mulsi3)
/usr/local/riscv/lib64/gcc/riscv32-unknown-elf/10.2.0/libgcc.a(multi3.o)
                              main.o (__muldi3)
/usr/local/riscv/lib64/gcc/riscv32-unknown-elf/10.2.0/libgcc.a(div.o)
                              printf.o (__divsi3)
/usr/local/riscv/lib64/gcc/riscv32-unknown-elf/10.2.0/libgcc.a(_clz.o)
                              /usr/local/riscv/lib64/gcc/riscv32-unknown-elf/10.2.0/libgcc.a(_divdi3.o) (__clz_tab)
/usr/local/riscv/lib64/gcc/riscv32-unknown-elf/10.2.0/libgcc.a(_clzsi2.o)
                              /usr/local/riscv/lib64/gcc/riscv32-unknown-elf/10.2.0/libgcc.a(adddf3.o) (__clzsi2)

Memory Configuration

Name             Origin             Length             Attributes
iram             0x0000000080000000 0x0000000000007000 xr
dram             0x0000000000000000 0x000000000000ffff rw
*default*        0x0000000000000000 0xffffffffffffffff

Linker script and memory map

LOAD main.o
LOAD start.o
LOAD printf.o
LOAD /usr/local/riscv/lib64/gcc/riscv32-unknown-elf/10.2.0/libgcc.a
START GROUP
LOAD /usr/local/riscv/lib64/gcc/riscv32-unknown-elf/10.2.0/../../../../riscv32-unknown-elf/lib/libc.a
LOAD /usr/local/riscv/lib64/gcc/riscv32-unknown-elf/10.2.0/../../../../riscv32-unknown-elf/lib/libgloss.a
END GROUP
LOAD /usr/local/riscv/lib64/gcc/riscv32-unknown-elf/10.2.0/libgcc.a

.init           0x0000000080000000       0x20
 *(.init*)
 .init          0x0000000080000000       0x20 start.o
                0x0000000080000000                _start

.text           0x0000000080000020     0x5da4
 *(.text*)
 .text          0x0000000080000020      0x3a8 main.o
                0x0000000080000020                fpt_atan_poly_piecewise
                0x00000000800002a8                fpt_atan2
 .text.startup  0x00000000800003c8      0x1fc main.o
                0x00000000800003c8                main
 .text          0x00000000800005c4        0x0 start.o
 .text          0x00000000800005c4     0x1d94 printf.o
                0x000000008000219c                _putchar
                0x00000000800021c0                printf_
                0x0000000080002214                sprintf_
                0x0000000080002264                snprintf_
                0x00000000800022b0                vprintf_
                0x00000000800022e0                vsnprintf_
                0x00000000800022fc                fctprintf
 .text          0x0000000080002358      0x628 /usr/local/riscv/lib64/gcc/riscv32-unknown-elf/10.2.0/libgcc.a(_divdi3.o)
                0x0000000080002358                __divdi3
 .text          0x0000000080002980      0x540 /usr/local/riscv/lib64/gcc/riscv32-unknown-elf/10.2.0/libgcc.a(_moddi3.o)
                0x0000000080002980                __moddi3
 .text          0x0000000080002ec0      0x5d0 /usr/local/riscv/lib64/gcc/riscv32-unknown-elf/10.2.0/libgcc.a(_udivdi3.o)
                0x0000000080002ec0                __udivdi3
 .text          0x0000000080003490      0x4e8 /usr/local/riscv/lib64/gcc/riscv32-unknown-elf/10.2.0/libgcc.a(_umoddi3.o)
                0x0000000080003490                __umoddi3
 .text          0x0000000080003978      0x7d8 /usr/local/riscv/lib64/gcc/riscv32-unknown-elf/10.2.0/libgcc.a(adddf3.o)
                0x0000000080003978                __adddf3
 .text          0x0000000080004150      0x7dc /usr/local/riscv/lib64/gcc/riscv32-unknown-elf/10.2.0/libgcc.a(divdf3.o)
                0x0000000080004150                __divdf3
 .text          0x000000008000492c       0x8c /usr/local/riscv/lib64/gcc/riscv32-unknown-elf/10.2.0/libgcc.a(eqdf2.o)
                0x000000008000492c                __eqdf2
                0x000000008000492c                __nedf2
 .text          0x00000000800049b8       0xe4 /usr/local/riscv/lib64/gcc/riscv32-unknown-elf/10.2.0/libgcc.a(gedf2.o)
                0x00000000800049b8                __gtdf2
                0x00000000800049b8                __gedf2
 .text          0x0000000080004a9c       0xe4 /usr/local/riscv/lib64/gcc/riscv32-unknown-elf/10.2.0/libgcc.a(ledf2.o)
                0x0000000080004a9c                __ltdf2
                0x0000000080004a9c                __ledf2
 .text          0x0000000080004b80      0x684 /usr/local/riscv/lib64/gcc/riscv32-unknown-elf/10.2.0/libgcc.a(muldf3.o)
                0x0000000080004b80                __muldf3
 .text          0x0000000080005204      0x7ec /usr/local/riscv/lib64/gcc/riscv32-unknown-elf/10.2.0/libgcc.a(subdf3.o)
                0x0000000080005204                __subdf3
 .text          0x00000000800059f0       0x80 /usr/local/riscv/lib64/gcc/riscv32-unknown-elf/10.2.0/libgcc.a(fixdfsi.o)
                0x00000000800059f0                __fixdfsi
 .text          0x0000000080005a70       0x7c /usr/local/riscv/lib64/gcc/riscv32-unknown-elf/10.2.0/libgcc.a(fixunsdfsi.o)
                0x0000000080005a70                __fixunsdfsi
 .text          0x0000000080005aec       0xa8 /usr/local/riscv/lib64/gcc/riscv32-unknown-elf/10.2.0/libgcc.a(floatsidf.o)
                0x0000000080005aec                __floatsidf
 .text          0x0000000080005b94       0x80 /usr/local/riscv/lib64/gcc/riscv32-unknown-elf/10.2.0/libgcc.a(floatunsidf.o)
                0x0000000080005b94                __floatunsidf
 .text          0x0000000080005c14       0x24 /usr/local/riscv/lib64/gcc/riscv32-unknown-elf/10.2.0/libgcc.a(muldi3.o)
                0x0000000080005c14                __mulsi3
 .text          0x0000000080005c38       0x90 /usr/local/riscv/lib64/gcc/riscv32-unknown-elf/10.2.0/libgcc.a(multi3.o)
                0x0000000080005c38                __muldi3
 .text          0x0000000080005cc8       0xb4 /usr/local/riscv/lib64/gcc/riscv32-unknown-elf/10.2.0/libgcc.a(div.o)
                0x0000000080005cc8                __divsi3
                0x0000000080005cd0                __udivsi3
                0x0000000080005d18                __umodsi3
                0x0000000080005d4c                __modsi3
 .text          0x0000000080005d7c        0x0 /usr/local/riscv/lib64/gcc/riscv32-unknown-elf/10.2.0/libgcc.a(_clz.o)
 .text          0x0000000080005d7c       0x48 /usr/local/riscv/lib64/gcc/riscv32-unknown-elf/10.2.0/libgcc.a(_clzsi2.o)
                0x0000000080005d7c                __clzsi2

.rodata         0x0000000000000000      0x808
 *(.rodata*)
 .rodata.str1.4
                0x0000000000000000       0x43 main.o
                                         0x47 (size before relaxing)
 *fill*         0x0000000000000043        0x1 
 .rodata        0x0000000000000044      0x400 main.o
 .rodata.str1.4
                0x0000000000000444       0x15 printf.o
 *fill*         0x0000000000000459        0x7 
 .rodata        0x0000000000000460      0x230 printf.o
 .rodata        0x0000000000000690       0x3c /usr/local/riscv/lib64/gcc/riscv32-unknown-elf/10.2.0/libgcc.a(divdf3.o)
 .rodata        0x00000000000006cc       0x3c /usr/local/riscv/lib64/gcc/riscv32-unknown-elf/10.2.0/libgcc.a(muldf3.o)
 .rodata        0x0000000000000708      0x100 /usr/local/riscv/lib64/gcc/riscv32-unknown-elf/10.2.0/libgcc.a(_clz.o)
                0x0000000000000708                __clz_tab

.srodata.cst8   0x0000000000000808       0x98
 .srodata.cst8  0x0000000000000808       0x98 printf.o

.eh_frame       0x00000000000008a0      0x158
 .eh_frame      0x00000000000008a0       0x68 /usr/local/riscv/lib64/gcc/riscv32-unknown-elf/10.2.0/libgcc.a(_divdi3.o)
 .eh_frame      0x0000000000000908       0x54 /usr/local/riscv/lib64/gcc/riscv32-unknown-elf/10.2.0/libgcc.a(_moddi3.o)
                                         0x68 (size before relaxing)
 .eh_frame      0x000000000000095c       0x4c /usr/local/riscv/lib64/gcc/riscv32-unknown-elf/10.2.0/libgcc.a(_udivdi3.o)
                                         0x60 (size before relaxing)
 .eh_frame      0x00000000000009a8       0x50 /usr/local/riscv/lib64/gcc/riscv32-unknown-elf/10.2.0/libgcc.a(_umoddi3.o)
                                         0x64 (size before relaxing)

.data           0x00000000000009f8        0x0
 *(.data*)
 .data          0x00000000000009f8        0x0 main.o
 .data          0x00000000000009f8        0x0 start.o
 .data          0x00000000000009f8        0x0 printf.o
 .data          0x00000000000009f8        0x0 /usr/local/riscv/lib64/gcc/riscv32-unknown-elf/10.2.0/libgcc.a(_divdi3.o)
 .data          0x00000000000009f8        0x0 /usr/local/riscv/lib64/gcc/riscv32-unknown-elf/10.2.0/libgcc.a(_moddi3.o)
 .data          0x00000000000009f8        0x0 /usr/local/riscv/lib64/gcc/riscv32-unknown-elf/10.2.0/libgcc.a(_udivdi3.o)
 .data          0x00000000000009f8        0x0 /usr/local/riscv/lib64/gcc/riscv32-unknown-elf/10.2.0/libgcc.a(_umoddi3.o)
 .data          0x00000000000009f8        0x0 /usr/local/riscv/lib64/gcc/riscv32-unknown-elf/10.2.0/libgcc.a(adddf3.o)
 .data          0x00000000000009f8        0x0 /usr/local/riscv/lib64/gcc/riscv32-unknown-elf/10.2.0/libgcc.a(divdf3.o)
 .data          0x00000000000009f8        0x0 /usr/local/riscv/lib64/gcc/riscv32-unknown-elf/10.2.0/libgcc.a(eqdf2.o)
 .data          0x00000000000009f8        0x0 /usr/local/riscv/lib64/gcc/riscv32-unknown-elf/10.2.0/libgcc.a(gedf2.o)
 .data          0x00000000000009f8        0x0 /usr/local/riscv/lib64/gcc/riscv32-unknown-elf/10.2.0/libgcc.a(ledf2.o)
 .data          0x00000000000009f8        0x0 /usr/local/riscv/lib64/gcc/riscv32-unknown-elf/10.2.0/libgcc.a(muldf3.o)
 .data          0x00000000000009f8        0x0 /usr/local/riscv/lib64/gcc/riscv32-unknown-elf/10.2.0/libgcc.a(subdf3.o)
 .data          0x00000000000009f8        0x0 /usr/local/riscv/lib64/gcc/riscv32-unknown-elf/10.2.0/libgcc.a(fixdfsi.o)
 .data          0x00000000000009f8        0x0 /usr/local/riscv/lib64/gcc/riscv32-unknown-elf/10.2.0/libgcc.a(fixunsdfsi.o)
 .data          0x00000000000009f8        0x0 /usr/local/riscv/lib64/gcc/riscv32-unknown-elf/10.2.0/libgcc.a(floatsidf.o)
 .data          0x00000000000009f8        0x0 /usr/local/riscv/lib64/gcc/riscv32-unknown-elf/10.2.0/libgcc.a(floatunsidf.o)
 .data          0x00000000000009f8        0x0 /usr/local/riscv/lib64/gcc/riscv32-unknown-elf/10.2.0/libgcc.a(muldi3.o)
 .data          0x00000000000009f8        0x0 /usr/local/riscv/lib64/gcc/riscv32-unknown-elf/10.2.0/libgcc.a(multi3.o)
 .data          0x00000000000009f8        0x0 /usr/local/riscv/lib64/gcc/riscv32-unknown-elf/10.2.0/libgcc.a(div.o)
 .data          0x00000000000009f8        0x0 /usr/local/riscv/lib64/gcc/riscv32-unknown-elf/10.2.0/libgcc.a(_clz.o)
 .data          0x00000000000009f8        0x0 /usr/local/riscv/lib64/gcc/riscv32-unknown-elf/10.2.0/libgcc.a(_clzsi2.o)

.sdata          0x00000000000009f8        0x4
 .sdata         0x00000000000009f8        0x4 printf.o
                0x00000000000009f8                char_dev_addr_p

.bss            0x00000000000009fc        0x0
 *(.sbss*)
 .bss           0x00000000000009fc        0x0 main.o
 .bss           0x00000000000009fc        0x0 start.o
 .bss           0x00000000000009fc        0x0 printf.o
 .bss           0x00000000000009fc        0x0 /usr/local/riscv/lib64/gcc/riscv32-unknown-elf/10.2.0/libgcc.a(_divdi3.o)
 .bss           0x00000000000009fc        0x0 /usr/local/riscv/lib64/gcc/riscv32-unknown-elf/10.2.0/libgcc.a(_moddi3.o)
 .bss           0x00000000000009fc        0x0 /usr/local/riscv/lib64/gcc/riscv32-unknown-elf/10.2.0/libgcc.a(_udivdi3.o)
 .bss           0x00000000000009fc        0x0 /usr/local/riscv/lib64/gcc/riscv32-unknown-elf/10.2.0/libgcc.a(_umoddi3.o)
 .bss           0x00000000000009fc        0x0 /usr/local/riscv/lib64/gcc/riscv32-unknown-elf/10.2.0/libgcc.a(adddf3.o)
 .bss           0x00000000000009fc        0x0 /usr/local/riscv/lib64/gcc/riscv32-unknown-elf/10.2.0/libgcc.a(divdf3.o)
 .bss           0x00000000000009fc        0x0 /usr/local/riscv/lib64/gcc/riscv32-unknown-elf/10.2.0/libgcc.a(eqdf2.o)
 .bss           0x00000000000009fc        0x0 /usr/local/riscv/lib64/gcc/riscv32-unknown-elf/10.2.0/libgcc.a(gedf2.o)
 .bss           0x00000000000009fc        0x0 /usr/local/riscv/lib64/gcc/riscv32-unknown-elf/10.2.0/libgcc.a(ledf2.o)
 .bss           0x00000000000009fc        0x0 /usr/local/riscv/lib64/gcc/riscv32-unknown-elf/10.2.0/libgcc.a(muldf3.o)
 .bss           0x00000000000009fc        0x0 /usr/local/riscv/lib64/gcc/riscv32-unknown-elf/10.2.0/libgcc.a(subdf3.o)
 .bss           0x00000000000009fc        0x0 /usr/local/riscv/lib64/gcc/riscv32-unknown-elf/10.2.0/libgcc.a(fixdfsi.o)
 .bss           0x00000000000009fc        0x0 /usr/local/riscv/lib64/gcc/riscv32-unknown-elf/10.2.0/libgcc.a(fixunsdfsi.o)
 .bss           0x00000000000009fc        0x0 /usr/local/riscv/lib64/gcc/riscv32-unknown-elf/10.2.0/libgcc.a(floatsidf.o)
 .bss           0x00000000000009fc        0x0 /usr/local/riscv/lib64/gcc/riscv32-unknown-elf/10.2.0/libgcc.a(floatunsidf.o)
 .bss           0x00000000000009fc        0x0 /usr/local/riscv/lib64/gcc/riscv32-unknown-elf/10.2.0/libgcc.a(muldi3.o)
 .bss           0x00000000000009fc        0x0 /usr/local/riscv/lib64/gcc/riscv32-unknown-elf/10.2.0/libgcc.a(multi3.o)
 .bss           0x00000000000009fc        0x0 /usr/local/riscv/lib64/gcc/riscv32-unknown-elf/10.2.0/libgcc.a(div.o)
 .bss           0x00000000000009fc        0x0 /usr/local/riscv/lib64/gcc/riscv32-unknown-elf/10.2.0/libgcc.a(_clz.o)
 .bss           0x00000000000009fc        0x0 /usr/local/riscv/lib64/gcc/riscv32-unknown-elf/10.2.0/libgcc.a(_clzsi2.o)
                0x0000000000001000                __stack_top = 0x1000
OUTPUT(test_printf.elf elf32-littleriscv)

.comment        0x0000000000000000       0x12
 .comment       0x0000000000000000       0x12 main.o
                                         0x13 (size before relaxing)
 .comment       0x0000000000000012       0x13 printf.o
 .comment       0x0000000000000012       0x13 /usr/local/riscv/lib64/gcc/riscv32-unknown-elf/10.2.0/libgcc.a(_divdi3.o)
 .comment       0x0000000000000012       0x13 /usr/local/riscv/lib64/gcc/riscv32-unknown-elf/10.2.0/libgcc.a(_moddi3.o)
 .comment       0x0000000000000012       0x13 /usr/local/riscv/lib64/gcc/riscv32-unknown-elf/10.2.0/libgcc.a(_udivdi3.o)
 .comment       0x0000000000000012       0x13 /usr/local/riscv/lib64/gcc/riscv32-unknown-elf/10.2.0/libgcc.a(_umoddi3.o)
 .comment       0x0000000000000012       0x13 /usr/local/riscv/lib64/gcc/riscv32-unknown-elf/10.2.0/libgcc.a(adddf3.o)
 .comment       0x0000000000000012       0x13 /usr/local/riscv/lib64/gcc/riscv32-unknown-elf/10.2.0/libgcc.a(divdf3.o)
 .comment       0x0000000000000012       0x13 /usr/local/riscv/lib64/gcc/riscv32-unknown-elf/10.2.0/libgcc.a(eqdf2.o)
 .comment       0x0000000000000012       0x13 /usr/local/riscv/lib64/gcc/riscv32-unknown-elf/10.2.0/libgcc.a(gedf2.o)
 .comment       0x0000000000000012       0x13 /usr/local/riscv/lib64/gcc/riscv32-unknown-elf/10.2.0/libgcc.a(ledf2.o)
 .comment       0x0000000000000012       0x13 /usr/local/riscv/lib64/gcc/riscv32-unknown-elf/10.2.0/libgcc.a(muldf3.o)
 .comment       0x0000000000000012       0x13 /usr/local/riscv/lib64/gcc/riscv32-unknown-elf/10.2.0/libgcc.a(subdf3.o)
 .comment       0x0000000000000012       0x13 /usr/local/riscv/lib64/gcc/riscv32-unknown-elf/10.2.0/libgcc.a(fixdfsi.o)
 .comment       0x0000000000000012       0x13 /usr/local/riscv/lib64/gcc/riscv32-unknown-elf/10.2.0/libgcc.a(fixunsdfsi.o)
 .comment       0x0000000000000012       0x13 /usr/local/riscv/lib64/gcc/riscv32-unknown-elf/10.2.0/libgcc.a(floatsidf.o)
 .comment       0x0000000000000012       0x13 /usr/local/riscv/lib64/gcc/riscv32-unknown-elf/10.2.0/libgcc.a(floatunsidf.o)
 .comment       0x0000000000000012       0x13 /usr/local/riscv/lib64/gcc/riscv32-unknown-elf/10.2.0/libgcc.a(multi3.o)
 .comment       0x0000000000000012       0x13 /usr/local/riscv/lib64/gcc/riscv32-unknown-elf/10.2.0/libgcc.a(_clz.o)
 .comment       0x0000000000000012       0x13 /usr/local/riscv/lib64/gcc/riscv32-unknown-elf/10.2.0/libgcc.a(_clzsi2.o)

.riscv.attributes
                0x0000000000000000       0x21
 .riscv.attributes
                0x0000000000000000       0x1c main.o
 .riscv.attributes
                0x000000000000001c       0x1a start.o
 .riscv.attributes
                0x0000000000000036       0x1c printf.o
 .riscv.attributes
                0x0000000000000052       0x21 /usr/local/riscv/lib64/gcc/riscv32-unknown-elf/10.2.0/libgcc.a(_divdi3.o)
 .riscv.attributes
                0x0000000000000073       0x21 /usr/local/riscv/lib64/gcc/riscv32-unknown-elf/10.2.0/libgcc.a(_moddi3.o)
 .riscv.attributes
                0x0000000000000094       0x21 /usr/local/riscv/lib64/gcc/riscv32-unknown-elf/10.2.0/libgcc.a(_udivdi3.o)
 .riscv.attributes
                0x00000000000000b5       0x21 /usr/local/riscv/lib64/gcc/riscv32-unknown-elf/10.2.0/libgcc.a(_umoddi3.o)
 .riscv.attributes
                0x00000000000000d6       0x21 /usr/local/riscv/lib64/gcc/riscv32-unknown-elf/10.2.0/libgcc.a(adddf3.o)
 .riscv.attributes
                0x00000000000000f7       0x21 /usr/local/riscv/lib64/gcc/riscv32-unknown-elf/10.2.0/libgcc.a(divdf3.o)
 .riscv.attributes
                0x0000000000000118       0x21 /usr/local/riscv/lib64/gcc/riscv32-unknown-elf/10.2.0/libgcc.a(eqdf2.o)
 .riscv.attributes
                0x0000000000000139       0x21 /usr/local/riscv/lib64/gcc/riscv32-unknown-elf/10.2.0/libgcc.a(gedf2.o)
 .riscv.attributes
                0x000000000000015a       0x21 /usr/local/riscv/lib64/gcc/riscv32-unknown-elf/10.2.0/libgcc.a(ledf2.o)
 .riscv.attributes
                0x000000000000017b       0x21 /usr/local/riscv/lib64/gcc/riscv32-unknown-elf/10.2.0/libgcc.a(muldf3.o)
 .riscv.attributes
                0x000000000000019c       0x21 /usr/local/riscv/lib64/gcc/riscv32-unknown-elf/10.2.0/libgcc.a(subdf3.o)
 .riscv.attributes
                0x00000000000001bd       0x21 /usr/local/riscv/lib64/gcc/riscv32-unknown-elf/10.2.0/libgcc.a(fixdfsi.o)
 .riscv.attributes
                0x00000000000001de       0x21 /usr/local/riscv/lib64/gcc/riscv32-unknown-elf/10.2.0/libgcc.a(fixunsdfsi.o)
 .riscv.attributes
                0x00000000000001ff       0x21 /usr/local/riscv/lib64/gcc/riscv32-unknown-elf/10.2.0/libgcc.a(floatsidf.o)
 .riscv.attributes
                0x0000000000000220       0x21 /usr/local/riscv/lib64/gcc/riscv32-unknown-elf/10.2.0/libgcc.a(floatunsidf.o)
 .riscv.attributes
                0x0000000000000241       0x1f /usr/local/riscv/lib64/gcc/riscv32-unknown-elf/10.2.0/libgcc.a(muldi3.o)
 .riscv.attributes
                0x0000000000000260       0x21 /usr/local/riscv/lib64/gcc/riscv32-unknown-elf/10.2.0/libgcc.a(multi3.o)
 .riscv.attributes
                0x0000000000000281       0x1f /usr/local/riscv/lib64/gcc/riscv32-unknown-elf/10.2.0/libgcc.a(div.o)
 .riscv.attributes
                0x00000000000002a0       0x21 /usr/local/riscv/lib64/gcc/riscv32-unknown-elf/10.2.0/libgcc.a(_clz.o)
 .riscv.attributes
                0x00000000000002c1       0x21 /usr/local/riscv/lib64/gcc/riscv32-unknown-elf/10.2.0/libgcc.a(_clzsi2.o)

.debug_info     0x0000000000000000     0x5990
 .debug_info    0x0000000000000000      0x9dc /usr/local/riscv/lib64/gcc/riscv32-unknown-elf/10.2.0/libgcc.a(_divdi3.o)
 .debug_info    0x00000000000009dc      0x9e5 /usr/local/riscv/lib64/gcc/riscv32-unknown-elf/10.2.0/libgcc.a(_moddi3.o)
 .debug_info    0x00000000000013c1      0x9a6 /usr/local/riscv/lib64/gcc/riscv32-unknown-elf/10.2.0/libgcc.a(_udivdi3.o)
 .debug_info    0x0000000000001d67      0x9b6 /usr/local/riscv/lib64/gcc/riscv32-unknown-elf/10.2.0/libgcc.a(_umoddi3.o)
 .debug_info    0x000000000000271d      0x581 /usr/local/riscv/lib64/gcc/riscv32-unknown-elf/10.2.0/libgcc.a(adddf3.o)
 .debug_info    0x0000000000002c9e      0x8f5 /usr/local/riscv/lib64/gcc/riscv32-unknown-elf/10.2.0/libgcc.a(divdf3.o)
 .debug_info    0x0000000000003593      0x255 /usr/local/riscv/lib64/gcc/riscv32-unknown-elf/10.2.0/libgcc.a(eqdf2.o)
 .debug_info    0x00000000000037e8      0x253 /usr/local/riscv/lib64/gcc/riscv32-unknown-elf/10.2.0/libgcc.a(gedf2.o)
 .debug_info    0x0000000000003a3b      0x253 /usr/local/riscv/lib64/gcc/riscv32-unknown-elf/10.2.0/libgcc.a(ledf2.o)
 .debug_info    0x0000000000003c8e      0x9e6 /usr/local/riscv/lib64/gcc/riscv32-unknown-elf/10.2.0/libgcc.a(muldf3.o)
 .debug_info    0x0000000000004674      0x581 /usr/local/riscv/lib64/gcc/riscv32-unknown-elf/10.2.0/libgcc.a(subdf3.o)
 .debug_info    0x0000000000004bf5      0x1e7 /usr/local/riscv/lib64/gcc/riscv32-unknown-elf/10.2.0/libgcc.a(fixdfsi.o)
 .debug_info    0x0000000000004ddc      0x1d5 /usr/local/riscv/lib64/gcc/riscv32-unknown-elf/10.2.0/libgcc.a(fixunsdfsi.o)
 .debug_info    0x0000000000004fb1      0x29b /usr/local/riscv/lib64/gcc/riscv32-unknown-elf/10.2.0/libgcc.a(floatsidf.o)
 .debug_info    0x000000000000524c      0x28e /usr/local/riscv/lib64/gcc/riscv32-unknown-elf/10.2.0/libgcc.a(floatunsidf.o)
 .debug_info    0x00000000000054da       0x26 /usr/local/riscv/lib64/gcc/riscv32-unknown-elf/10.2.0/libgcc.a(muldi3.o)
 .debug_info    0x0000000000005500      0x24f /usr/local/riscv/lib64/gcc/riscv32-unknown-elf/10.2.0/libgcc.a(multi3.o)
 .debug_info    0x000000000000574f       0x26 /usr/local/riscv/lib64/gcc/riscv32-unknown-elf/10.2.0/libgcc.a(div.o)
 .debug_info    0x0000000000005775       0xd7 /usr/local/riscv/lib64/gcc/riscv32-unknown-elf/10.2.0/libgcc.a(_clz.o)
 .debug_info    0x000000000000584c      0x144 /usr/local/riscv/lib64/gcc/riscv32-unknown-elf/10.2.0/libgcc.a(_clzsi2.o)

.debug_abbrev   0x0000000000000000     0x193c
 .debug_abbrev  0x0000000000000000      0x1d6 /usr/local/riscv/lib64/gcc/riscv32-unknown-elf/10.2.0/libgcc.a(_divdi3.o)
 .debug_abbrev  0x00000000000001d6      0x1d8 /usr/local/riscv/lib64/gcc/riscv32-unknown-elf/10.2.0/libgcc.a(_moddi3.o)
 .debug_abbrev  0x00000000000003ae      0x1be /usr/local/riscv/lib64/gcc/riscv32-unknown-elf/10.2.0/libgcc.a(_udivdi3.o)
 .debug_abbrev  0x000000000000056c      0x1d1 /usr/local/riscv/lib64/gcc/riscv32-unknown-elf/10.2.0/libgcc.a(_umoddi3.o)
 .debug_abbrev  0x000000000000073d      0x173 /usr/local/riscv/lib64/gcc/riscv32-unknown-elf/10.2.0/libgcc.a(adddf3.o)
 .debug_abbrev  0x00000000000008b0      0x184 /usr/local/riscv/lib64/gcc/riscv32-unknown-elf/10.2.0/libgcc.a(divdf3.o)
 .debug_abbrev  0x0000000000000a34      0x14b /usr/local/riscv/lib64/gcc/riscv32-unknown-elf/10.2.0/libgcc.a(eqdf2.o)
 .debug_abbrev  0x0000000000000b7f      0x15e /usr/local/riscv/lib64/gcc/riscv32-unknown-elf/10.2.0/libgcc.a(gedf2.o)
 .debug_abbrev  0x0000000000000cdd      0x15e /usr/local/riscv/lib64/gcc/riscv32-unknown-elf/10.2.0/libgcc.a(ledf2.o)
 .debug_abbrev  0x0000000000000e3b      0x196 /usr/local/riscv/lib64/gcc/riscv32-unknown-elf/10.2.0/libgcc.a(muldf3.o)
 .debug_abbrev  0x0000000000000fd1      0x173 /usr/local/riscv/lib64/gcc/riscv32-unknown-elf/10.2.0/libgcc.a(subdf3.o)
 .debug_abbrev  0x0000000000001144      0x15e /usr/local/riscv/lib64/gcc/riscv32-unknown-elf/10.2.0/libgcc.a(fixdfsi.o)
 .debug_abbrev  0x00000000000012a2      0x15e /usr/local/riscv/lib64/gcc/riscv32-unknown-elf/10.2.0/libgcc.a(fixunsdfsi.o)
 .debug_abbrev  0x0000000000001400      0x164 /usr/local/riscv/lib64/gcc/riscv32-unknown-elf/10.2.0/libgcc.a(floatsidf.o)
 .debug_abbrev  0x0000000000001564      0x164 /usr/local/riscv/lib64/gcc/riscv32-unknown-elf/10.2.0/libgcc.a(floatunsidf.o)
 .debug_abbrev  0x00000000000016c8       0x14 /usr/local/riscv/lib64/gcc/riscv32-unknown-elf/10.2.0/libgcc.a(muldi3.o)
 .debug_abbrev  0x00000000000016dc      0x112 /usr/local/riscv/lib64/gcc/riscv32-unknown-elf/10.2.0/libgcc.a(multi3.o)
 .debug_abbrev  0x00000000000017ee       0x14 /usr/local/riscv/lib64/gcc/riscv32-unknown-elf/10.2.0/libgcc.a(div.o)
 .debug_abbrev  0x0000000000001802       0x70 /usr/local/riscv/lib64/gcc/riscv32-unknown-elf/10.2.0/libgcc.a(_clz.o)
 .debug_abbrev  0x0000000000001872       0xca /usr/local/riscv/lib64/gcc/riscv32-unknown-elf/10.2.0/libgcc.a(_clzsi2.o)

.debug_loc      0x0000000000000000     0x7399
 .debug_loc     0x0000000000000000      0x9a7 /usr/local/riscv/lib64/gcc/riscv32-unknown-elf/10.2.0/libgcc.a(_divdi3.o)
 .debug_loc     0x00000000000009a7      0x9a9 /usr/local/riscv/lib64/gcc/riscv32-unknown-elf/10.2.0/libgcc.a(_moddi3.o)
 .debug_loc     0x0000000000001350      0xb0c /usr/local/riscv/lib64/gcc/riscv32-unknown-elf/10.2.0/libgcc.a(_udivdi3.o)
 .debug_loc     0x0000000000001e5c      0x8e1 /usr/local/riscv/lib64/gcc/riscv32-unknown-elf/10.2.0/libgcc.a(_umoddi3.o)
 .debug_loc     0x000000000000273d     0x11ec /usr/local/riscv/lib64/gcc/riscv32-unknown-elf/10.2.0/libgcc.a(adddf3.o)
 .debug_loc     0x0000000000003929     0x113d /usr/local/riscv/lib64/gcc/riscv32-unknown-elf/10.2.0/libgcc.a(divdf3.o)
 .debug_loc     0x0000000000004a66       0xa4 /usr/local/riscv/lib64/gcc/riscv32-unknown-elf/10.2.0/libgcc.a(eqdf2.o)
 .debug_loc     0x0000000000004b0a      0x135 /usr/local/riscv/lib64/gcc/riscv32-unknown-elf/10.2.0/libgcc.a(gedf2.o)
 .debug_loc     0x0000000000004c3f      0x135 /usr/local/riscv/lib64/gcc/riscv32-unknown-elf/10.2.0/libgcc.a(ledf2.o)
 .debug_loc     0x0000000000004d74      0xde7 /usr/local/riscv/lib64/gcc/riscv32-unknown-elf/10.2.0/libgcc.a(muldf3.o)
 .debug_loc     0x0000000000005b5b     0x114d /usr/local/riscv/lib64/gcc/riscv32-unknown-elf/10.2.0/libgcc.a(subdf3.o)
 .debug_loc     0x0000000000006ca8      0x181 /usr/local/riscv/lib64/gcc/riscv32-unknown-elf/10.2.0/libgcc.a(fixdfsi.o)
 .debug_loc     0x0000000000006e29       0xe7 /usr/local/riscv/lib64/gcc/riscv32-unknown-elf/10.2.0/libgcc.a(fixunsdfsi.o)
 .debug_loc     0x0000000000006f10      0x159 /usr/local/riscv/lib64/gcc/riscv32-unknown-elf/10.2.0/libgcc.a(floatsidf.o)
 .debug_loc     0x0000000000007069      0x14f /usr/local/riscv/lib64/gcc/riscv32-unknown-elf/10.2.0/libgcc.a(floatunsidf.o)
 .debug_loc     0x00000000000071b8      0x176 /usr/local/riscv/lib64/gcc/riscv32-unknown-elf/10.2.0/libgcc.a(multi3.o)
 .debug_loc     0x000000000000732e       0x6b /usr/local/riscv/lib64/gcc/riscv32-unknown-elf/10.2.0/libgcc.a(_clzsi2.o)

.debug_aranges  0x0000000000000000      0x278
 .debug_aranges
                0x0000000000000000       0x20 /usr/local/riscv/lib64/gcc/riscv32-unknown-elf/10.2.0/libgcc.a(_divdi3.o)
 .debug_aranges
                0x0000000000000020       0x20 /usr/local/riscv/lib64/gcc/riscv32-unknown-elf/10.2.0/libgcc.a(_moddi3.o)
 .debug_aranges
                0x0000000000000040       0x20 /usr/local/riscv/lib64/gcc/riscv32-unknown-elf/10.2.0/libgcc.a(_udivdi3.o)
 .debug_aranges
                0x0000000000000060       0x20 /usr/local/riscv/lib64/gcc/riscv32-unknown-elf/10.2.0/libgcc.a(_umoddi3.o)
 .debug_aranges
                0x0000000000000080       0x20 /usr/local/riscv/lib64/gcc/riscv32-unknown-elf/10.2.0/libgcc.a(adddf3.o)
 .debug_aranges
                0x00000000000000a0       0x20 /usr/local/riscv/lib64/gcc/riscv32-unknown-elf/10.2.0/libgcc.a(divdf3.o)
 .debug_aranges
                0x00000000000000c0       0x20 /usr/local/riscv/lib64/gcc/riscv32-unknown-elf/10.2.0/libgcc.a(eqdf2.o)
 .debug_aranges
                0x00000000000000e0       0x20 /usr/local/riscv/lib64/gcc/riscv32-unknown-elf/10.2.0/libgcc.a(gedf2.o)
 .debug_aranges
                0x0000000000000100       0x20 /usr/local/riscv/lib64/gcc/riscv32-unknown-elf/10.2.0/libgcc.a(ledf2.o)
 .debug_aranges
                0x0000000000000120       0x20 /usr/local/riscv/lib64/gcc/riscv32-unknown-elf/10.2.0/libgcc.a(muldf3.o)
 .debug_aranges
                0x0000000000000140       0x20 /usr/local/riscv/lib64/gcc/riscv32-unknown-elf/10.2.0/libgcc.a(subdf3.o)
 .debug_aranges
                0x0000000000000160       0x20 /usr/local/riscv/lib64/gcc/riscv32-unknown-elf/10.2.0/libgcc.a(fixdfsi.o)
 .debug_aranges
                0x0000000000000180       0x20 /usr/local/riscv/lib64/gcc/riscv32-unknown-elf/10.2.0/libgcc.a(fixunsdfsi.o)
 .debug_aranges
                0x00000000000001a0       0x20 /usr/local/riscv/lib64/gcc/riscv32-unknown-elf/10.2.0/libgcc.a(floatsidf.o)
 .debug_aranges
                0x00000000000001c0       0x20 /usr/local/riscv/lib64/gcc/riscv32-unknown-elf/10.2.0/libgcc.a(floatunsidf.o)
 .debug_aranges
                0x00000000000001e0       0x20 /usr/local/riscv/lib64/gcc/riscv32-unknown-elf/10.2.0/libgcc.a(muldi3.o)
 .debug_aranges
                0x0000000000000200       0x20 /usr/local/riscv/lib64/gcc/riscv32-unknown-elf/10.2.0/libgcc.a(multi3.o)
 .debug_aranges
                0x0000000000000220       0x20 /usr/local/riscv/lib64/gcc/riscv32-unknown-elf/10.2.0/libgcc.a(div.o)
 .debug_aranges
                0x0000000000000240       0x18 /usr/local/riscv/lib64/gcc/riscv32-unknown-elf/10.2.0/libgcc.a(_clz.o)
 .debug_aranges
                0x0000000000000258       0x20 /usr/local/riscv/lib64/gcc/riscv32-unknown-elf/10.2.0/libgcc.a(_clzsi2.o)

.debug_ranges   0x0000000000000000      0xe88
 .debug_ranges  0x0000000000000000      0x118 /usr/local/riscv/lib64/gcc/riscv32-unknown-elf/10.2.0/libgcc.a(_divdi3.o)
 .debug_ranges  0x0000000000000118       0xf0 /usr/local/riscv/lib64/gcc/riscv32-unknown-elf/10.2.0/libgcc.a(_moddi3.o)
 .debug_ranges  0x0000000000000208      0x118 /usr/local/riscv/lib64/gcc/riscv32-unknown-elf/10.2.0/libgcc.a(_udivdi3.o)
 .debug_ranges  0x0000000000000320       0xe8 /usr/local/riscv/lib64/gcc/riscv32-unknown-elf/10.2.0/libgcc.a(_umoddi3.o)
 .debug_ranges  0x0000000000000408      0x248 /usr/local/riscv/lib64/gcc/riscv32-unknown-elf/10.2.0/libgcc.a(adddf3.o)
 .debug_ranges  0x0000000000000650      0x1a8 /usr/local/riscv/lib64/gcc/riscv32-unknown-elf/10.2.0/libgcc.a(divdf3.o)
 .debug_ranges  0x00000000000007f8       0x48 /usr/local/riscv/lib64/gcc/riscv32-unknown-elf/10.2.0/libgcc.a(eqdf2.o)
 .debug_ranges  0x0000000000000840       0x50 /usr/local/riscv/lib64/gcc/riscv32-unknown-elf/10.2.0/libgcc.a(gedf2.o)
 .debug_ranges  0x0000000000000890       0x50 /usr/local/riscv/lib64/gcc/riscv32-unknown-elf/10.2.0/libgcc.a(ledf2.o)
 .debug_ranges  0x00000000000008e0      0x228 /usr/local/riscv/lib64/gcc/riscv32-unknown-elf/10.2.0/libgcc.a(muldf3.o)
 .debug_ranges  0x0000000000000b08      0x250 /usr/local/riscv/lib64/gcc/riscv32-unknown-elf/10.2.0/libgcc.a(subdf3.o)
 .debug_ranges  0x0000000000000d58       0x18 /usr/local/riscv/lib64/gcc/riscv32-unknown-elf/10.2.0/libgcc.a(fixdfsi.o)
 .debug_ranges  0x0000000000000d70       0x20 /usr/local/riscv/lib64/gcc/riscv32-unknown-elf/10.2.0/libgcc.a(fixunsdfsi.o)
 .debug_ranges  0x0000000000000d90       0x68 /usr/local/riscv/lib64/gcc/riscv32-unknown-elf/10.2.0/libgcc.a(floatsidf.o)
 .debug_ranges  0x0000000000000df8       0x70 /usr/local/riscv/lib64/gcc/riscv32-unknown-elf/10.2.0/libgcc.a(floatunsidf.o)
 .debug_ranges  0x0000000000000e68       0x20 /usr/local/riscv/lib64/gcc/riscv32-unknown-elf/10.2.0/libgcc.a(_clzsi2.o)

.debug_line     0x0000000000000000     0x778b
 .debug_line    0x0000000000000000      0x864 /usr/local/riscv/lib64/gcc/riscv32-unknown-elf/10.2.0/libgcc.a(_divdi3.o)
 .debug_line    0x0000000000000864      0x89c /usr/local/riscv/lib64/gcc/riscv32-unknown-elf/10.2.0/libgcc.a(_moddi3.o)
 .debug_line    0x0000000000001100      0x783 /usr/local/riscv/lib64/gcc/riscv32-unknown-elf/10.2.0/libgcc.a(_udivdi3.o)
 .debug_line    0x0000000000001883      0x7cb /usr/local/riscv/lib64/gcc/riscv32-unknown-elf/10.2.0/libgcc.a(_umoddi3.o)
 .debug_line    0x000000000000204e     0x100d /usr/local/riscv/lib64/gcc/riscv32-unknown-elf/10.2.0/libgcc.a(adddf3.o)
 .debug_line    0x000000000000305b     0x10a4 /usr/local/riscv/lib64/gcc/riscv32-unknown-elf/10.2.0/libgcc.a(divdf3.o)
 .debug_line    0x00000000000040ff      0x24a /usr/local/riscv/lib64/gcc/riscv32-unknown-elf/10.2.0/libgcc.a(eqdf2.o)
 .debug_line    0x0000000000004349      0x2df /usr/local/riscv/lib64/gcc/riscv32-unknown-elf/10.2.0/libgcc.a(gedf2.o)
 .debug_line    0x0000000000004628      0x2df /usr/local/riscv/lib64/gcc/riscv32-unknown-elf/10.2.0/libgcc.a(ledf2.o)
 .debug_line    0x0000000000004907     0x101f /usr/local/riscv/lib64/gcc/riscv32-unknown-elf/10.2.0/libgcc.a(muldf3.o)
 .debug_line    0x0000000000005926     0x1072 /usr/local/riscv/lib64/gcc/riscv32-unknown-elf/10.2.0/libgcc.a(subdf3.o)
 .debug_line    0x0000000000006998      0x20e /usr/local/riscv/lib64/gcc/riscv32-unknown-elf/10.2.0/libgcc.a(fixdfsi.o)
 .debug_line    0x0000000000006ba6      0x19f /usr/local/riscv/lib64/gcc/riscv32-unknown-elf/10.2.0/libgcc.a(fixunsdfsi.o)
 .debug_line    0x0000000000006d45      0x248 /usr/local/riscv/lib64/gcc/riscv32-unknown-elf/10.2.0/libgcc.a(floatsidf.o)
 .debug_line    0x0000000000006f8d      0x268 /usr/local/riscv/lib64/gcc/riscv32-unknown-elf/10.2.0/libgcc.a(floatunsidf.o)
 .debug_line    0x00000000000071f5       0x92 /usr/local/riscv/lib64/gcc/riscv32-unknown-elf/10.2.0/libgcc.a(muldi3.o)
 .debug_line    0x0000000000007287      0x26a /usr/local/riscv/lib64/gcc/riscv32-unknown-elf/10.2.0/libgcc.a(multi3.o)
 .debug_line    0x00000000000074f1      0x168 /usr/local/riscv/lib64/gcc/riscv32-unknown-elf/10.2.0/libgcc.a(div.o)
 .debug_line    0x0000000000007659       0x53 /usr/local/riscv/lib64/gcc/riscv32-unknown-elf/10.2.0/libgcc.a(_clz.o)
 .debug_line    0x00000000000076ac       0xdf /usr/local/riscv/lib64/gcc/riscv32-unknown-elf/10.2.0/libgcc.a(_clzsi2.o)

.debug_str      0x0000000000000000      0xb19
 .debug_str     0x0000000000000000      0x288 /usr/local/riscv/lib64/gcc/riscv32-unknown-elf/10.2.0/libgcc.a(_divdi3.o)
                                        0x2ed (size before relaxing)
 .debug_str     0x0000000000000288        0x9 /usr/local/riscv/lib64/gcc/riscv32-unknown-elf/10.2.0/libgcc.a(_moddi3.o)
                                        0x2ed (size before relaxing)
 .debug_str     0x0000000000000291        0xa /usr/local/riscv/lib64/gcc/riscv32-unknown-elf/10.2.0/libgcc.a(_udivdi3.o)
                                        0x2ee (size before relaxing)
 .debug_str     0x000000000000029b        0xa /usr/local/riscv/lib64/gcc/riscv32-unknown-elf/10.2.0/libgcc.a(_umoddi3.o)
                                        0x2ee (size before relaxing)
 .debug_str     0x00000000000002a5      0x24d /usr/local/riscv/lib64/gcc/riscv32-unknown-elf/10.2.0/libgcc.a(adddf3.o)
                                        0x320 (size before relaxing)
 .debug_str     0x00000000000004f2      0x198 /usr/local/riscv/lib64/gcc/riscv32-unknown-elf/10.2.0/libgcc.a(divdf3.o)
                                        0x40b (size before relaxing)
 .debug_str     0x000000000000068a       0x53 /usr/local/riscv/lib64/gcc/riscv32-unknown-elf/10.2.0/libgcc.a(eqdf2.o)
                                        0x231 (size before relaxing)
 .debug_str     0x00000000000006dd       0x58 /usr/local/riscv/lib64/gcc/riscv32-unknown-elf/10.2.0/libgcc.a(gedf2.o)
                                        0x255 (size before relaxing)
 .debug_str     0x0000000000000735       0x34 /usr/local/riscv/lib64/gcc/riscv32-unknown-elf/10.2.0/libgcc.a(ledf2.o)
                                        0x255 (size before relaxing)
 .debug_str     0x0000000000000769      0x15b /usr/local/riscv/lib64/gcc/riscv32-unknown-elf/10.2.0/libgcc.a(muldf3.o)
                                        0x446 (size before relaxing)
 .debug_str     0x00000000000008c4       0x36 /usr/local/riscv/lib64/gcc/riscv32-unknown-elf/10.2.0/libgcc.a(subdf3.o)
                                        0x320 (size before relaxing)
 .debug_str     0x00000000000008fa       0x4b /usr/local/riscv/lib64/gcc/riscv32-unknown-elf/10.2.0/libgcc.a(fixdfsi.o)
                                        0x22e (size before relaxing)
 .debug_str     0x0000000000000945       0x3e /usr/local/riscv/lib64/gcc/riscv32-unknown-elf/10.2.0/libgcc.a(fixunsdfsi.o)
                                        0x22d (size before relaxing)
 .debug_str     0x0000000000000983       0x69 /usr/local/riscv/lib64/gcc/riscv32-unknown-elf/10.2.0/libgcc.a(floatsidf.o)
                                        0x2cd (size before relaxing)
 .debug_str     0x00000000000009ec       0x40 /usr/local/riscv/lib64/gcc/riscv32-unknown-elf/10.2.0/libgcc.a(floatunsidf.o)
                                        0x2ca (size before relaxing)
 .debug_str     0x0000000000000a2c       0x3e /usr/local/riscv/lib64/gcc/riscv32-unknown-elf/10.2.0/libgcc.a(muldi3.o)
                                         0x90 (size before relaxing)
 .debug_str     0x0000000000000a6a       0x80 /usr/local/riscv/lib64/gcc/riscv32-unknown-elf/10.2.0/libgcc.a(multi3.o)
                                        0x292 (size before relaxing)
 .debug_str     0x0000000000000aea       0x2f /usr/local/riscv/lib64/gcc/riscv32-unknown-elf/10.2.0/libgcc.a(div.o)
                                         0x8d (size before relaxing)
 .debug_str     0x0000000000000b19      0x20c /usr/local/riscv/lib64/gcc/riscv32-unknown-elf/10.2.0/libgcc.a(_clz.o)
 .debug_str     0x0000000000000b19      0x229 /usr/local/riscv/lib64/gcc/riscv32-unknown-elf/10.2.0/libgcc.a(_clzsi2.o)

.debug_frame    0x0000000000000000      0x298
 .debug_frame   0x0000000000000000       0x44 /usr/local/riscv/lib64/gcc/riscv32-unknown-elf/10.2.0/libgcc.a(adddf3.o)
 .debug_frame   0x0000000000000044       0x64 /usr/local/riscv/lib64/gcc/riscv32-unknown-elf/10.2.0/libgcc.a(divdf3.o)
 .debug_frame   0x00000000000000a8       0x20 /usr/local/riscv/lib64/gcc/riscv32-unknown-elf/10.2.0/libgcc.a(eqdf2.o)
 .debug_frame   0x00000000000000c8       0x20 /usr/local/riscv/lib64/gcc/riscv32-unknown-elf/10.2.0/libgcc.a(gedf2.o)
 .debug_frame   0x00000000000000e8       0x20 /usr/local/riscv/lib64/gcc/riscv32-unknown-elf/10.2.0/libgcc.a(ledf2.o)
 .debug_frame   0x0000000000000108       0x54 /usr/local/riscv/lib64/gcc/riscv32-unknown-elf/10.2.0/libgcc.a(muldf3.o)
 .debug_frame   0x000000000000015c       0x44 /usr/local/riscv/lib64/gcc/riscv32-unknown-elf/10.2.0/libgcc.a(subdf3.o)
 .debug_frame   0x00000000000001a0       0x20 /usr/local/riscv/lib64/gcc/riscv32-unknown-elf/10.2.0/libgcc.a(fixdfsi.o)
 .debug_frame   0x00000000000001c0       0x20 /usr/local/riscv/lib64/gcc/riscv32-unknown-elf/10.2.0/libgcc.a(fixunsdfsi.o)
 .debug_frame   0x00000000000001e0       0x38 /usr/local/riscv/lib64/gcc/riscv32-unknown-elf/10.2.0/libgcc.a(floatsidf.o)
 .debug_frame   0x0000000000000218       0x34 /usr/local/riscv/lib64/gcc/riscv32-unknown-elf/10.2.0/libgcc.a(floatunsidf.o)
 .debug_frame   0x000000000000024c       0x2c /usr/local/riscv/lib64/gcc/riscv32-unknown-elf/10.2.0/libgcc.a(multi3.o)
 .debug_frame   0x0000000000000278       0x20 /usr/local/riscv/lib64/gcc/riscv32-unknown-elf/10.2.0/libgcc.a(_clzsi2.o)
